[
    {
        "uuid": "fakeUuid",
        "payloads": [
            {
                "type": "log",
                "content": {
                    "values": [
                        "a"
                    ]
                },
                "origin": {
                    "file": "\/src\/helpers.php",
                    "line_number": "xxx"
                }
            }
        ],
        "meta": []
    }
]
