-
    uuid: fakeUuid
    payloads: [{ type: hide, content: {  }, origin: { file: /tests/RayTest.php, line_number: 80 } }]
