-
    uuid: fakeUuid
    payloads: [{ type: log, content: { values: [ğŸ•¶] }, origin: { file: /tests/RayTest.php, line_number: 198 } }]
    meta: {  }
