- '{"chainUuid":"fakeUuid","messages":[{"type":"log","content":{"value":"{#92}"},"frame":[]}]}'
