- '{"uuid":"fakeUuid","payloads":[{"type":"log","content":{"values":["a"]},"origin":{"file":"file","line_number":1}}],"origin":[]}'
