- '{"uuid":"fakeUuid","messages":[{"type":"log","content":{"values":["test","test2"]},"frame":[]}]}'
- '{"uuid":"fakeUuid","messages":[{"type":"color","content":{"color":"green"},"frame":[]}]}'
- '{"uuid":"fakeUuid","messages":[{"type":"size","content":{"size":"big"},"frame":[]}]}'
