- '{"chainUuid":"fakeUuid","messages":[{"type":"log","content":{"value":"array:2 [\n  \"a\" => 1\n  \"b\" => 2\n]"},"frame":[]}]}'
